Component: ARM Compiler 5.06 update 6 (build 750) Tool: armlink [4d35ed]

==============================================================================

Section Cross References

    main.o(i.main) refers to main.o(.constdata) for .constdata
    main.o(i.main) refers to main.o(.data) for .data
    partly_used.o(i.fn_unused5) refers to partly_used.o(.data) for .data
    unused.o(i.fn_unused) refers to unused.o(.data) for .data
    unused2.o(i.fn_unused2) refers to unused2.o(.constdata) for .constdata
    unused2.o(.constdata) refers to unused2.o(i.foo) for foo
    unused3.o(i.fn_unused3) refers to unused3.o(.data) for .data
    entry.o(.ARM.Collect$$$$00000000) refers (Special) to entry10a.o(.ARM.Collect$$$$0000000D) for __rt_final_cpp
    entry.o(.ARM.Collect$$$$00000000) refers (Special) to entry11a.o(.ARM.Collect$$$$0000000F) for __rt_final_exit
    entry.o(.ARM.Collect$$$$00000000) refers (Special) to entry7b.o(.ARM.Collect$$$$00000008) for _main_clock
    entry.o(.ARM.Collect$$$$00000000) refers (Special) to entry8b.o(.ARM.Collect$$$$0000000A) for _main_cpp_init
    entry.o(.ARM.Collect$$$$00000000) refers (Special) to entry9a.o(.ARM.Collect$$$$0000000B) for _main_init
    entry.o(.ARM.Collect$$$$00000000) refers (Special) to entry5.o(.ARM.Collect$$$$00000004) for _main_scatterload
    entry.o(.ARM.Collect$$$$00000000) refers (Special) to entry2.o(.ARM.Collect$$$$00000001) for _main_stk
    entry2.o(.ARM.Collect$$$$00000001) refers to entry2.o(.ARM.Collect$$$$00002712) for __lit__00000000
    entry2.o(.ARM.Collect$$$$00002712) refers to main.o(.data) for __initial_sp
    entry5.o(.ARM.Collect$$$$00000004) refers to init.o(.text) for __scatterload
    entry9a.o(.ARM.Collect$$$$0000000B) refers to main.o(i.main) for main
    entry9b.o(.ARM.Collect$$$$0000000C) refers to main.o(i.main) for main
    init.o(.text) refers to init.o(i.__ARM_common_call_via_r3) for __ARM_common_call_via_r3
    init.o(.text) refers to entry5.o(.ARM.Collect$$$$00000004) for __main_after_scatterload


==============================================================================

Removing Unused input sections from the image.

    Removing partly_used.o(i.fn_unused5), (8 bytes).
    Removing partly_used.o(i.fn_used), (4 bytes).
    Removing partly_used.o(.data), (1024 bytes).
    Removing unused.o(i.fn_unused), (8 bytes).
    Removing unused.o(.data), (1024 bytes).
    Removing unused2.o(i.fn_unused2), (8 bytes).
    Removing unused2.o(i.foo), (16 bytes).
    Removing unused2.o(.constdata), (2004 bytes).
    Removing unused3.o(i.fn_unused3), (20 bytes).
    Removing unused3.o(.constdata), (8000 bytes).
    Removing unused3.o(.constdata), (16000 bytes).
    Removing unused3.o(.data), (1600 bytes).
    Removing unused4.o(i.fn_unused4), (8 bytes).
    Removing unused4.o(.constdata), (8000 bytes).
    Removing unused4.o(.constdata), (16000 bytes).
    Removing unused4.o(.data), (1600 bytes).

16 unused section(s) (total 55324 bytes) removed from the image.

==============================================================================

Adding Veneers to the image

    Adding AT veneer (8 bytes, Inline) for call to '__scatterload' from entry5.o(.ARM.Collect$$$$00000004).
    Adding TA veneer (8 bytes, Short) for call to '__main_after_scatterload' from init.o(.text).

2 Veneer(s) (total 16 bytes) added to the image.

==============================================================================

Image Symbol Table

    Local Symbols

    Symbol Name                              Value     Ov Type        Size  Object(Section)

    ../clib/microlib/init/entry.s            0x00000000   Number         0  entry11b.o ABSOLUTE
    ../clib/microlib/init/entry.s            0x00000000   Number         0  entry11a.o ABSOLUTE
    ../clib/microlib/init/entry.s            0x00000000   Number         0  entry9a.o ABSOLUTE
    ../clib/microlib/init/entry.s            0x00000000   Number         0  entry10b.o ABSOLUTE
    ../clib/microlib/init/entry.s            0x00000000   Number         0  entry.o ABSOLUTE
    ../clib/microlib/init/entry.s            0x00000000   Number         0  entry10a.o ABSOLUTE
    ../clib/microlib/init/entry.s            0x00000000   Number         0  entry2.o ABSOLUTE
    ../clib/microlib/init/entry.s            0x00000000   Number         0  entry9b.o ABSOLUTE
    ../clib/microlib/init/entry.s            0x00000000   Number         0  entry7b.o ABSOLUTE
    ../clib/microlib/init/entry.s            0x00000000   Number         0  entry8b.o ABSOLUTE
    ../clib/microlib/init/entry.s            0x00000000   Number         0  entry5.o ABSOLUTE
    ../clib/microlib/init/entry.s            0x00000000   Number         0  entry8a.o ABSOLUTE
    ../clib/microlib/init/entry.s            0x00000000   Number         0  entry7a.o ABSOLUTE
    dc.s                                     0x00000000   Number         0  dc.o ABSOLUTE
    handlers.s                               0x00000000   Number         0  handlers.o ABSOLUTE
    init.s                                   0x00000000   Number         0  init.o ABSOLUTE
    main.c                                   0x00000000   Number         0  main.o ABSOLUTE
    partly_used.c                            0x00000000   Number         0  partly_used.o ABSOLUTE
    unused.c                                 0x00000000   Number         0  unused.o ABSOLUTE
    unused2.c                                0x00000000   Number         0  unused2.o ABSOLUTE
    unused3.c                                0x00000000   Number         0  unused3.o ABSOLUTE
    unused4.c                                0x00000000   Number         0  unused4.o ABSOLUTE
    .data                                    0x00040000   Section        4  main.o(.data)
    .data                                    0x00040004   Section        4  main.o(.data)
    .ARM.Collect$$$$00000000                 0x00080000   Section        0  entry.o(.ARM.Collect$$$$00000000)
    .ARM.Collect$$$$00000001                 0x00080000   Section        4  entry2.o(.ARM.Collect$$$$00000001)
    .ARM.Collect$$$$00000004                 0x00080004   Section        4  entry5.o(.ARM.Collect$$$$00000004)
    .ARM.Collect$$$$00000008                 0x00080008   Section        0  entry7b.o(.ARM.Collect$$$$00000008)
    .ARM.Collect$$$$0000000A                 0x00080008   Section        0  entry8b.o(.ARM.Collect$$$$0000000A)
    .ARM.Collect$$$$0000000B                 0x00080008   Section       12  entry9a.o(.ARM.Collect$$$$0000000B)
    .ARM.Collect$$$$0000000D                 0x00080014   Section        0  entry10a.o(.ARM.Collect$$$$0000000D)
    .ARM.Collect$$$$0000000F                 0x00080014   Section        0  entry11a.o(.ARM.Collect$$$$0000000F)
    .ARM.Collect$$$$00002712                 0x00080014   Section        4  entry2.o(.ARM.Collect$$$$00002712)
    __lit__00000000                          0x00080014   Data           4  entry2.o(.ARM.Collect$$$$00002712)
    .text                                    0x00080020   Section       32  init.o(.text)
    i.__ARM_common_call_via_r3               0x00080048   Section        2  init.o(i.__ARM_common_call_via_r3)
    i.__scatterload_copy                     0x0008004c   Section       28  handlers.o(i.__scatterload_copy)
    i.__scatterload_null                     0x00080068   Section        4  handlers.o(i.__scatterload_null)
    i.__scatterload_zeroinit                 0x0008006c   Section       24  handlers.o(i.__scatterload_zeroinit)
    i.main                                   0x00080084   Section        0  main.o(i.main)
    .constdata                               0x000800a0   Section        4  main.o(.constdata)
    cur                                      0x000800a0   Data           4  main.o(.constdata)

    Global Symbols

    Symbol Name                              Value     Ov Type        Size  Object(Section)

    BuildAttributes$$THM_ISAv1$ARM_ISAv4$S$PE$A:L22$X:L11$S22$IEEE1$IW$USESV6$~STKCKD$USESV7$ENUMINT$~SHL$OSPACE$EBA8$MICROLIB$REQ8$PRES8$EABIv2 0x00000000   Number         0  anon$$obj.o ABSOLUTE
    __ARM_use_no_argv                        0x00000000   Number         0  main.o ABSOLUTE
    __cpp_initialize__aeabi_                  - Undefined Weak Reference
    __cxa_finalize                            - Undefined Weak Reference
    __decompress                              - Undefined Weak Reference
    _clock_init                               - Undefined Weak Reference
    _microlib_exit                            - Undefined Weak Reference
    __initial_sp                             0x00040000   Data           4  main.o(.data)
    dest                                     0x00040004   Data           4  main.o(.data)
    __main                                   0x00080000   ARM Code       0  entry.o(.ARM.Collect$$$$00000000)
    _main_stk                                0x00080000   ARM Code       0  entry2.o(.ARM.Collect$$$$00000001)
    _main_scatterload                        0x00080004   ARM Code       0  entry5.o(.ARM.Collect$$$$00000004)
    __main_after_scatterload                 0x00080008   ARM Code       0  entry5.o(.ARM.Collect$$$$00000004)
    _main_clock                              0x00080008   ARM Code       0  entry7b.o(.ARM.Collect$$$$00000008)
    _main_cpp_init                           0x00080008   ARM Code       0  entry8b.o(.ARM.Collect$$$$0000000A)
    _main_init                               0x00080008   ARM Code       0  entry9a.o(.ARM.Collect$$$$0000000B)
    __rt_final_cpp                           0x00080014   ARM Code       0  entry10a.o(.ARM.Collect$$$$0000000D)
    __rt_final_exit                          0x00080014   ARM Code       0  entry11a.o(.ARM.Collect$$$$0000000F)
    Inline ARM to Thumb Veneer to __scatterload 0x00080018   ARM Code       8  init.o(.text)
    __scatterload                            0x00080021   Thumb Code    24  init.o(.text)
    __scatterload_rt2                        0x00080021   Thumb Code     0  init.o(.text)
    Short Thumb to ARM Veneer to __main_after_scatterload 0x00080041   Thumb Code     8  anon$$obj.o(Veneer$$Code)
    __ARM_common_call_via_r3                 0x00080049   Thumb Code     2  init.o(i.__ARM_common_call_via_r3)
    __scatterload_copy                       0x0008004c   ARM Code      28  handlers.o(i.__scatterload_copy)
    __scatterload_null                       0x00080068   ARM Code       4  handlers.o(i.__scatterload_null)
    __scatterload_zeroinit                   0x0008006c   ARM Code      24  handlers.o(i.__scatterload_zeroinit)
    main                                     0x00080085   Thumb Code    18  main.o(i.main)
    Region$$Table$$Base                      0x000800a4   Number         0  anon$$obj.o(Region$$Table)
    Region$$Table$$Limit                     0x000800b4   Number         0  anon$$obj.o(Region$$Table)



==============================================================================

Memory Map of the image

  Image Entry point : 0x00080000

  Load Region LR_IROM1 (Base: 0x00080000, Size: 0x000000bc, Max: 0x00006400, ABSOLUTE)

    Execution Region RW_IRAM1 (Base: 0x00040000, Size: 0x00000008, Max: 0x00001000, ABSOLUTE)

    Base Addr    Size         Type   Attr      Idx    E Section Name        Object

    0x00040000   0x00000004   Data   RW            3    .data               main.o
    0x00040004   0x00000004   Data   RW            4    .data               main.o


    Execution Region ER_IROM1 (Base: 0x00080000, Size: 0x000000b4, Max: 0x00006400, ABSOLUTE)

    Base Addr    Size         Type   Attr      Idx    E Section Name        Object

    0x00080000   0x00000000   Code   RO          100  * .ARM.Collect$$$$00000000  mc_t.l(entry.o)
    0x00080000   0x00000004   Code   RO          103    .ARM.Collect$$$$00000001  mc_t.l(entry2.o)
    0x00080004   0x00000004   Code   RO          105    .ARM.Collect$$$$00000004  mc_t.l(entry5.o)
    0x00080008   0x00000000   Code   RO          107    .ARM.Collect$$$$00000008  mc_t.l(entry7b.o)
    0x00080008   0x00000000   Code   RO          109    .ARM.Collect$$$$0000000A  mc_t.l(entry8b.o)
    0x00080008   0x0000000c   Code   RO          110    .ARM.Collect$$$$0000000B  mc_t.l(entry9a.o)
    0x00080014   0x00000000   Code   RO          112    .ARM.Collect$$$$0000000D  mc_t.l(entry10a.o)
    0x00080014   0x00000000   Code   RO          114    .ARM.Collect$$$$0000000F  mc_t.l(entry11a.o)
    0x00080014   0x00000004   Code   RO          104    .ARM.Collect$$$$00002712  mc_t.l(entry2.o)
    0x00080018   0x00000008   Ven    RO          116    .text               mc_t.l(init.o)
    0x00080020   0x00000020   Code   RO          116    .text               mc_t.l(init.o)
    0x00080040   0x00000008   Ven    RO          129    Veneer$$Code        anon$$obj.o
    0x00080048   0x00000002   Code   RO          118    i.__ARM_common_call_via_r3  mc_t.l(init.o)
    0x0008004a   0x00000002   PAD
    0x0008004c   0x0000001c   Code   RO          122    i.__scatterload_copy  mc_t.l(handlers.o)
    0x00080068   0x00000004   Code   RO          123    i.__scatterload_null  mc_t.l(handlers.o)
    0x0008006c   0x00000018   Code   RO          124    i.__scatterload_zeroinit  mc_t.l(handlers.o)
    0x00080084   0x0000001c   Code   RO            1    i.main              main.o
    0x000800a0   0x00000004   Data   RO            2    .constdata          main.o
    0x000800a4   0x00000010   Data   RO          120    Region$$Table       anon$$obj.o


==============================================================================

Image component sizes


      Code (inc. data)   RO Data    RW Data    ZI Data      Debug   Object Name

        28         10          4          8          0       2155   main.o

    ----------------------------------------------------------------------
        36         10         20          8          0       2155   Object Totals
         8          0         16          0          0          0   (incl. Generated)
         0          0          0          0          0          0   (incl. Padding)

    ----------------------------------------------------------------------

      Code (inc. data)   RO Data    RW Data    ZI Data      Debug   Library Member Name

         0          0          0          0          0          0   entry.o
         0          0          0          0          0          0   entry10a.o
         0          0          0          0          0          0   entry11a.o
         8          4          0          0          0          0   entry2.o
         4          0          0          0          0          0   entry5.o
         0          0          0          0          0          0   entry7b.o
         0          0          0          0          0          0   entry8b.o
        12          4          0          0          0          0   entry9a.o
        56          0          0          0          0          0   handlers.o
        42          8          0          0          0        136   init.o

    ----------------------------------------------------------------------
       124         16          0          0          0        136   Library Totals
         2          0          0          0          0          0   (incl. Padding)

    ----------------------------------------------------------------------

      Code (inc. data)   RO Data    RW Data    ZI Data      Debug   Library Name

       122         16          0          0          0        136   mc_t.l

    ----------------------------------------------------------------------
       124         16          0          0          0        136   Library Totals

    ----------------------------------------------------------------------

==============================================================================


      Code (inc. data)   RO Data    RW Data    ZI Data      Debug   

       160         26         20          8          0       2443   Grand Totals
       160         26         20          8          0       2443   ELF Image Totals
       160         26         20          8          0          0   ROM Totals

==============================================================================

    Total RO  Size (Code + RO Data)                  180 (   0.18kB)
    Total RW  Size (RW Data + ZI Data)                 8 (   0.01kB)
    Total ROM Size (Code + RO Data + RW Data)        188 (   0.18kB)

==============================================================================

