Component: ARM Compiler 5.06 update 6 (build 750) Tool: armlink [4d35ed]

==============================================================================

Section Cross References

    _multi.o(i.fn_unused) refers to _multi.o(.data) for .data
    _multi.o(i.fn_unused2) refers to _multi.o(.constdata) for .constdata
    _multi.o(i.fn_unused3) refers to _multi.o(.data) for .data
    _multi.o(i.fn_unused5) refers to _multi.o(.data) for .data
    _multi.o(i.main) refers to _multi.o(.constdata) for .constdata
    _multi.o(i.main) refers to _multi.o(.data) for .data
    _multi.o(.constdata) refers to _multi.o(i.foo) for foo
    entry.o(.ARM.Collect$$$$00000000) refers (Special) to entry10a.o(.ARM.Collect$$$$0000000D) for __rt_final_cpp
    entry.o(.ARM.Collect$$$$00000000) refers (Special) to entry11a.o(.ARM.Collect$$$$0000000F) for __rt_final_exit
    entry.o(.ARM.Collect$$$$00000000) refers (Special) to entry7b.o(.ARM.Collect$$$$00000008) for _main_clock
    entry.o(.ARM.Collect$$$$00000000) refers (Special) to entry8b.o(.ARM.Collect$$$$0000000A) for _main_cpp_init
    entry.o(.ARM.Collect$$$$00000000) refers (Special) to entry9a.o(.ARM.Collect$$$$0000000B) for _main_init
    entry.o(.ARM.Collect$$$$00000000) refers (Special) to entry5.o(.ARM.Collect$$$$00000004) for _main_scatterload
    entry.o(.ARM.Collect$$$$00000000) refers (Special) to entry2.o(.ARM.Collect$$$$00000001) for _main_stk
    entry2.o(.ARM.Collect$$$$00000001) refers to entry2.o(.ARM.Collect$$$$00002712) for __lit__00000000
    entry2.o(.ARM.Collect$$$$00002712) refers to _multi.o(.data) for __initial_sp
    entry5.o(.ARM.Collect$$$$00000004) refers to init.o(.text) for __scatterload
    entry9a.o(.ARM.Collect$$$$0000000B) refers to _multi.o(i.main) for main
    entry9b.o(.ARM.Collect$$$$0000000C) refers to _multi.o(i.main) for main
    init.o(.text) refers to init.o(i.__ARM_common_call_via_r3) for __ARM_common_call_via_r3
    init.o(.text) refers to entry5.o(.ARM.Collect$$$$00000004) for __main_after_scatterload


==============================================================================

Removing Unused input sections from the image.

    Removing _multi.o(i.fn_unused), (8 bytes).
    Removing _multi.o(i.fn_unused2), (8 bytes).
    Removing _multi.o(i.fn_unused3), (20 bytes).
    Removing _multi.o(i.fn_unused4), (8 bytes).
    Removing _multi.o(i.fn_unused5), (8 bytes).
    Removing _multi.o(i.fn_used), (4 bytes).
    Removing _multi.o(.constdata), (8000 bytes).
    Removing _multi.o(.constdata), (16000 bytes).
    Removing _multi.o(.constdata), (8000 bytes).
    Removing _multi.o(.constdata), (16000 bytes).
    Removing _multi.o(.data), (1600 bytes).

11 unused section(s) (total 49656 bytes) removed from the image.

==============================================================================

Adding Veneers to the image

    Adding AT veneer (8 bytes, Inline) for call to '__scatterload' from entry5.o(.ARM.Collect$$$$00000004).
    Adding TA veneer (8 bytes, Short) for call to '__main_after_scatterload' from init.o(.text).

2 Veneer(s) (total 16 bytes) added to the image.

==============================================================================

Image Symbol Table

    Local Symbols

    Symbol Name                              Value     Ov Type        Size  Object(Section)

    ../clib/../cmprslib/zerorunl.c           0x00000000   Number         0  __dczerorl.o ABSOLUTE
    ../clib/microlib/init/entry.s            0x00000000   Number         0  entry10b.o ABSOLUTE
    ../clib/microlib/init/entry.s            0x00000000   Number         0  entry10a.o ABSOLUTE
    ../clib/microlib/init/entry.s            0x00000000   Number         0  entry9b.o ABSOLUTE
    ../clib/microlib/init/entry.s            0x00000000   Number         0  entry9a.o ABSOLUTE
    ../clib/microlib/init/entry.s            0x00000000   Number         0  entry8b.o ABSOLUTE
    ../clib/microlib/init/entry.s            0x00000000   Number         0  entry.o ABSOLUTE
    ../clib/microlib/init/entry.s            0x00000000   Number         0  entry2.o ABSOLUTE
    ../clib/microlib/init/entry.s            0x00000000   Number         0  entry8a.o ABSOLUTE
    ../clib/microlib/init/entry.s            0x00000000   Number         0  entry5.o ABSOLUTE
    ../clib/microlib/init/entry.s            0x00000000   Number         0  entry7a.o ABSOLUTE
    ../clib/microlib/init/entry.s            0x00000000   Number         0  entry7b.o ABSOLUTE
    ../clib/microlib/init/entry.s            0x00000000   Number         0  entry11a.o ABSOLUTE
    ../clib/microlib/init/entry.s            0x00000000   Number         0  entry11b.o ABSOLUTE
    dc.s                                     0x00000000   Number         0  dc.o ABSOLUTE
    handlers.s                               0x00000000   Number         0  handlers.o ABSOLUTE
    init.s                                   0x00000000   Number         0  init.o ABSOLUTE
    main.c                                   0x00000000   Number         0  _multi.o ABSOLUTE
    .data                                    0x00040000   Section     3652  _multi.o(.data)
    not_removed                              0x00040004   Data        1024  _multi.o(.data)
    not_removed                              0x00040404   Data        1024  _multi.o(.data)
    .data                                    0x00040e44   Section        4  _multi.o(.data)
    .ARM.Collect$$$$00000000                 0x00080000   Section        0  entry.o(.ARM.Collect$$$$00000000)
    .ARM.Collect$$$$00000001                 0x00080000   Section        4  entry2.o(.ARM.Collect$$$$00000001)
    .ARM.Collect$$$$00000004                 0x00080004   Section        4  entry5.o(.ARM.Collect$$$$00000004)
    .ARM.Collect$$$$00000008                 0x00080008   Section        0  entry7b.o(.ARM.Collect$$$$00000008)
    .ARM.Collect$$$$0000000A                 0x00080008   Section        0  entry8b.o(.ARM.Collect$$$$0000000A)
    .ARM.Collect$$$$0000000B                 0x00080008   Section       12  entry9a.o(.ARM.Collect$$$$0000000B)
    .ARM.Collect$$$$0000000D                 0x00080014   Section        0  entry10a.o(.ARM.Collect$$$$0000000D)
    .ARM.Collect$$$$0000000F                 0x00080014   Section        0  entry11a.o(.ARM.Collect$$$$0000000F)
    .ARM.Collect$$$$00002712                 0x00080014   Section        4  entry2.o(.ARM.Collect$$$$00002712)
    __lit__00000000                          0x00080014   Data           4  entry2.o(.ARM.Collect$$$$00002712)
    .text                                    0x00080020   Section       32  init.o(.text)
    .text                                    0x00080040   Section        0  __dczerorl.o(.text)
    i.__ARM_common_call_via_r3               0x00080098   Section        2  init.o(i.__ARM_common_call_via_r3)
    i.__scatterload_copy                     0x0008009c   Section       28  handlers.o(i.__scatterload_copy)
    i.__scatterload_null                     0x000800b8   Section        4  handlers.o(i.__scatterload_null)
    i.__scatterload_zeroinit                 0x000800bc   Section       24  handlers.o(i.__scatterload_zeroinit)
    i.foo                                    0x000800d4   Section        0  _multi.o(i.foo)
    foo                                      0x000800d5   Thumb Code    16  _multi.o(i.foo)
    i.main                                   0x000800e4   Section        0  _multi.o(i.main)
    .constdata                               0x000800f8   Section     2008  _multi.o(.constdata)
    cur                                      0x000800f8   Data           4  _multi.o(.constdata)
    not_removed                              0x000800fc   Data        2004  _multi.o(.constdata)

    Global Symbols

    Symbol Name                              Value     Ov Type        Size  Object(Section)

    BuildAttributes$$THM_ISAv1$ARM_ISAv4$S$PE$A:L22$X:L11$S22$IEEE1$IW$USESV6$~STKCKD$USESV7$ENUMINT$~SHL$OSPACE$EBA8$MICROLIB$REQ8$PRES8$EABIv2 0x00000000   Number         0  anon$$obj.o ABSOLUTE
    __ARM_use_no_argv                        0x00000000   Number         0  _multi.o ABSOLUTE
    __cpp_initialize__aeabi_                  - Undefined Weak Reference
    __cxa_finalize                            - Undefined Weak Reference
    _clock_init                               - Undefined Weak Reference
    _microlib_exit                            - Undefined Weak Reference
    dest                                     0x00040000   Data           4  _multi.o(.data)
    c                                        0x00040804   Data        1600  _multi.o(.data)
    __initial_sp                             0x00040e44   Data           4  _multi.o(.data)
    __main                                   0x00080000   ARM Code       0  entry.o(.ARM.Collect$$$$00000000)
    _main_stk                                0x00080000   ARM Code       0  entry2.o(.ARM.Collect$$$$00000001)
    _main_scatterload                        0x00080004   ARM Code       0  entry5.o(.ARM.Collect$$$$00000004)
    __main_after_scatterload                 0x00080008   ARM Code       0  entry5.o(.ARM.Collect$$$$00000004)
    _main_clock                              0x00080008   ARM Code       0  entry7b.o(.ARM.Collect$$$$00000008)
    _main_cpp_init                           0x00080008   ARM Code       0  entry8b.o(.ARM.Collect$$$$0000000A)
    _main_init                               0x00080008   ARM Code       0  entry9a.o(.ARM.Collect$$$$0000000B)
    __rt_final_cpp                           0x00080014   ARM Code       0  entry10a.o(.ARM.Collect$$$$0000000D)
    __rt_final_exit                          0x00080014   ARM Code       0  entry11a.o(.ARM.Collect$$$$0000000F)
    Inline ARM to Thumb Veneer to __scatterload 0x00080018   ARM Code       8  init.o(.text)
    __scatterload                            0x00080021   Thumb Code    24  init.o(.text)
    __scatterload_rt2                        0x00080021   Thumb Code     0  init.o(.text)
    __decompress                             0x00080040   ARM Code       0  __dczerorl.o(.text)
    __decompress0                            0x00080040   ARM Code      80  __dczerorl.o(.text)
    Short Thumb to ARM Veneer to __main_after_scatterload 0x00080091   Thumb Code     8  anon$$obj.o(Veneer$$Code)
    __ARM_common_call_via_r3                 0x00080099   Thumb Code     2  init.o(i.__ARM_common_call_via_r3)
    __scatterload_copy                       0x0008009c   ARM Code      28  handlers.o(i.__scatterload_copy)
    __scatterload_null                       0x000800b8   ARM Code       4  handlers.o(i.__scatterload_null)
    __scatterload_zeroinit                   0x000800bc   ARM Code      24  handlers.o(i.__scatterload_zeroinit)
    main                                     0x000800e5   Thumb Code    10  _multi.o(i.main)
    Region$$Table$$Base                      0x000808d0   Number         0  anon$$obj.o(Region$$Table)
    Region$$Table$$Limit                     0x000808e0   Number         0  anon$$obj.o(Region$$Table)



==============================================================================

Memory Map of the image

  Image Entry point : 0x00080000

  Load Region LR_IROM1 (Base: 0x00080000, Size: 0x00001728, Max: 0x00006400, ABSOLUTE, COMPRESSED[0x00000904])

    Execution Region RW_IRAM1 (Base: 0x00040000, Size: 0x00000e48, Max: 0x00001000, ABSOLUTE, COMPRESSED[0x00000024])

    Base Addr    Size         Type   Attr      Idx    E Section Name        Object

    0x00040000   0x00000e44   Data   RW           14    .data               _multi.o
    0x00040e44   0x00000004   Data   RW           16    .data               _multi.o


    Execution Region ER_IROM1 (Base: 0x00080000, Size: 0x000008e0, Max: 0x00006400, ABSOLUTE)

    Base Addr    Size         Type   Attr      Idx    E Section Name        Object

    0x00080000   0x00000000   Code   RO           66  * .ARM.Collect$$$$00000000  mc_t.l(entry.o)
    0x00080000   0x00000004   Code   RO           69    .ARM.Collect$$$$00000001  mc_t.l(entry2.o)
    0x00080004   0x00000004   Code   RO           71    .ARM.Collect$$$$00000004  mc_t.l(entry5.o)
    0x00080008   0x00000000   Code   RO           73    .ARM.Collect$$$$00000008  mc_t.l(entry7b.o)
    0x00080008   0x00000000   Code   RO           75    .ARM.Collect$$$$0000000A  mc_t.l(entry8b.o)
    0x00080008   0x0000000c   Code   RO           76    .ARM.Collect$$$$0000000B  mc_t.l(entry9a.o)
    0x00080014   0x00000000   Code   RO           78    .ARM.Collect$$$$0000000D  mc_t.l(entry10a.o)
    0x00080014   0x00000000   Code   RO           80    .ARM.Collect$$$$0000000F  mc_t.l(entry11a.o)
    0x00080014   0x00000004   Code   RO           70    .ARM.Collect$$$$00002712  mc_t.l(entry2.o)
    0x00080018   0x00000008   Ven    RO           82    .text               mc_t.l(init.o)
    0x00080020   0x00000020   Code   RO           82    .text               mc_t.l(init.o)
    0x00080040   0x00000050   Code   RO           94    .text               mc_t.l(__dczerorl.o)
    0x00080090   0x00000008   Ven    RO           97    Veneer$$Code        anon$$obj.o
    0x00080098   0x00000002   Code   RO           84    i.__ARM_common_call_via_r3  mc_t.l(init.o)
    0x0008009a   0x00000002   PAD
    0x0008009c   0x0000001c   Code   RO           88    i.__scatterload_copy  mc_t.l(handlers.o)
    0x000800b8   0x00000004   Code   RO           89    i.__scatterload_null  mc_t.l(handlers.o)
    0x000800bc   0x00000018   Code   RO           90    i.__scatterload_zeroinit  mc_t.l(handlers.o)
    0x000800d4   0x00000010   Code   RO            7    i.foo               _multi.o
    0x000800e4   0x00000014   Code   RO            8    i.main              _multi.o
    0x000800f8   0x000007d8   Data   RO            9    .constdata          _multi.o
    0x000808d0   0x00000010   Data   RO           86    Region$$Table       anon$$obj.o


==============================================================================

Image component sizes


      Code (inc. data)   RO Data    RW Data    ZI Data      Debug   Object Name

        36         10       2008       3656          0       3171   _multi.o

    ----------------------------------------------------------------------
        44         10       2024       3656          0       3171   Object Totals
         8          0         16          0          0          0   (incl. Generated)
         0          0          0          0          0          0   (incl. Padding)

    ----------------------------------------------------------------------

      Code (inc. data)   RO Data    RW Data    ZI Data      Debug   Library Member Name

        80          0          0          0          0          0   __dczerorl.o
         0          0          0          0          0          0   entry.o
         0          0          0          0          0          0   entry10a.o
         0          0          0          0          0          0   entry11a.o
         8          4          0          0          0          0   entry2.o
         4          0          0          0          0          0   entry5.o
         0          0          0          0          0          0   entry7b.o
         0          0          0          0          0          0   entry8b.o
        12          4          0          0          0          0   entry9a.o
        56          0          0          0          0          0   handlers.o
        42          8          0          0          0        136   init.o

    ----------------------------------------------------------------------
       204         16          0          0          0        136   Library Totals
         2          0          0          0          0          0   (incl. Padding)

    ----------------------------------------------------------------------

      Code (inc. data)   RO Data    RW Data    ZI Data      Debug   Library Name

       202         16          0          0          0        136   mc_t.l

    ----------------------------------------------------------------------
       204         16          0          0          0        136   Library Totals

    ----------------------------------------------------------------------

==============================================================================


      Code (inc. data)   RO Data    RW Data    ZI Data      Debug   

       248         26       2024       3656          0       3539   Grand Totals
       248         26       2024         36          0       3539   ELF Image Totals (compressed)
       248         26       2024         36          0          0   ROM Totals

==============================================================================

    Total RO  Size (Code + RO Data)                 2272 (   2.22kB)
    Total RW  Size (RW Data + ZI Data)              3656 (   3.57kB)
    Total ROM Size (Code + RO Data + RW Data)       2308 (   2.25kB)

==============================================================================

